This file contains any messages produced by compilers while
running configure, to aid debugging if configure makes a mistake.

It was created by svox configure 1.0, which was
generated by GNU Autoconf 2.69.  Invocation command line was

  $ ./configure --prefix=/ --exec-prefix=/ --host=aarch64-linux-gnu

## --------- ##
## Platform. ##
## --------- ##

hostname = 4263ff502810
uname -m = aarch64
uname -r = 6.1.115-vendor-rk35xx
uname -s = Linux
uname -v = #1 SMP Thu Feb 12 18:35:01 UTC 2026

/usr/bin/uname -p = aarch64
/bin/uname -X     = unknown

/bin/arch              = aarch64
/usr/bin/arch -k       = unknown
/usr/convex/getsysinfo = unknown
/usr/bin/hostinfo      = unknown
/bin/machine           = unknown
/usr/bin/oslevel       = unknown
/bin/universe          = unknown

PATH: /opt/sed
PATH: /opt/cmake/bin
PATH: /opt/rust/cargo/bin
PATH: /usr/local/go/bin/
PATH: /usr/local/sbin
PATH: /usr/local/bin
PATH: /usr/sbin
PATH: /usr/bin
PATH: /sbin
PATH: /bin


## ----------- ##
## Core tests. ##
## ----------- ##

configure:2175: checking for a BSD-compatible install
configure:2243: result: /usr/bin/install -c
configure:2254: checking whether build environment is sane
configure:2309: result: yes
configure:2366: checking for aarch64-linux-gnu-strip
configure:2382: found /usr/bin/aarch64-linux-gnu-strip
configure:2393: result: aarch64-linux-gnu-strip
configure:2458: checking for a thread-safe mkdir -p
configure:2497: result: /usr/bin/mkdir -p
configure:2504: checking for gawk
configure:2534: result: no
configure:2504: checking for mawk
configure:2520: found /usr/bin/mawk
configure:2531: result: mawk
configure:2542: checking whether make sets $(MAKE)
configure:2564: result: yes
configure:2593: checking whether make supports nested variables
configure:2610: result: yes
configure:2745: checking for aarch64-linux-gnu-gcc
configure:2761: found /usr/bin/aarch64-linux-gnu-gcc
configure:2772: result: aarch64-linux-gnu-gcc
configure:3041: checking for C compiler version
configure:3050: aarch64-linux-gnu-gcc --version >&5
aarch64-linux-gnu-gcc (Ubuntu 9.4.0-1ubuntu1~20.04.2) 9.4.0
Copyright (C) 2019 Free Software Foundation, Inc.
This is free software; see the source for copying conditions.  There is NO
warranty; not even for MERCHANTABILITY or FITNESS FOR A PARTICULAR PURPOSE.

configure:3061: $? = 0
configure:3050: aarch64-linux-gnu-gcc -v >&5
Using built-in specs.
COLLECT_GCC=aarch64-linux-gnu-gcc
COLLECT_LTO_WRAPPER=/usr/lib/gcc/aarch64-linux-gnu/9/lto-wrapper
Target: aarch64-linux-gnu
Configured with: ../src/configure -v --with-pkgversion='Ubuntu 9.4.0-1ubuntu1~20.04.2' --with-bugurl=file:///usr/share/doc/gcc-9/README.Bugs --enable-languages=c,ada,c++,go,d,fortran,objc,obj-c++,gm2 --prefix=/usr --with-gcc-major-version-only --program-suffix=-9 --program-prefix=aarch64-linux-gnu- --enable-shared --enable-linker-build-id --libexecdir=/usr/lib --without-included-gettext --enable-threads=posix --libdir=/usr/lib --enable-nls --enable-clocale=gnu --enable-libstdcxx-debug --enable-libstdcxx-time=yes --with-default-libstdcxx-abi=new --enable-gnu-unique-object --disable-libquadmath --disable-libquadmath-support --enable-plugin --enable-default-pie --with-system-zlib --with-target-system-zlib=auto --enable-objc-gc=auto --enable-multiarch --enable-fix-cortex-a53-843419 --disable-werror --enable-checking=release --build=aarch64-linux-gnu --host=aarch64-linux-gnu --target=aarch64-linux-gnu
Thread model: posix
gcc version 9.4.0 (Ubuntu 9.4.0-1ubuntu1~20.04.2) 
configure:3061: $? = 0
configure:3050: aarch64-linux-gnu-gcc -V >&5
aarch64-linux-gnu-gcc: error: unrecognized command line option '-V'
aarch64-linux-gnu-gcc: fatal error: no input files
compilation terminated.
configure:3061: $? = 1
configure:3050: aarch64-linux-gnu-gcc -qversion >&5
aarch64-linux-gnu-gcc: error: unrecognized command line option '-qversion'; did you mean '--version'?
aarch64-linux-gnu-gcc: fatal error: no input files
compilation terminated.
configure:3061: $? = 1
configure:3081: checking whether the C compiler works
configure:3103: aarch64-linux-gnu-gcc    conftest.c  >&5
configure:3107: $? = 0
configure:3155: result: yes
configure:3158: checking for C compiler default output file name
configure:3160: result: a.out
configure:3166: checking for suffix of executables
configure:3173: aarch64-linux-gnu-gcc -o conftest    conftest.c  >&5
configure:3177: $? = 0
configure:3199: result: 
configure:3221: checking whether we are cross compiling
configure:3229: aarch64-linux-gnu-gcc -o conftest    conftest.c  >&5
configure:3233: $? = 0
configure:3240: ./conftest
configure:3244: $? = 0
configure:3232: result: no
configure:3237: checking for suffix of object files
configure:3259: aarch64-linux-gnu-gcc -c   conftest.c >&5
configure:3263: $? = 0
configure:3284: result: o
configure:3288: checking whether we are using the GNU C compiler
configure:3307: aarch64-linux-gnu-gcc -c   conftest.c >&5
configure:3307: $? = 0
configure:3316: result: yes
configure:3325: checking whether aarch64-linux-gnu-gcc accepts -g
configure:3345: aarch64-linux-gnu-gcc -c -g  conftest.c >&5
configure:3345: $? = 0
configure:3386: result: yes
configure:3403: checking for aarch64-linux-gnu-gcc option to accept ISO C89
configure:3466: aarch64-linux-gnu-gcc  -c -g -O2  conftest.c >&5
configure:3466: $? = 0
configure:3479: result: none needed
configure:3504: checking whether aarch64-linux-gnu-gcc understands -c and -o together
configure:3526: aarch64-linux-gnu-gcc -c conftest.c -o conftest2.o
configure:3529: $? = 0
configure:3526: aarch64-linux-gnu-gcc -c conftest.c -o conftest2.o
configure:3529: $? = 0
configure:3541: result: yes
configure:3561: checking whether make supports the include directive
configure:3576: make -f confmf.GNU && cat confinc.out
make[1]: Entering directory '/ext_r/ext_edi/src/prog_ia/navius/navius/vendor/picotts/svoxpico'
make[1]: Leaving directory '/ext_r/ext_edi/src/prog_ia/navius/navius/vendor/picotts/svoxpico'
this is the am__doit target
configure:3579: $? = 0
configure:3598: result: yes (GNU style)
configure:3623: checking dependency style of aarch64-linux-gnu-gcc
configure:3734: result: gcc3
configure:3778: checking build system type
configure:3792: result: aarch64-unknown-linux-gnu
configure:3812: checking host system type
configure:3825: result: aarch64-unknown-linux-gnu
configure:3866: checking how to print strings
configure:3893: result: printf
configure:3914: checking for a sed that does not truncate output
configure:3978: result: /opt/sed/sed
configure:3996: checking for grep that handles long lines and -e
configure:4054: result: /usr/bin/grep
configure:4059: checking for egrep
configure:4121: result: /usr/bin/grep -E
configure:4126: checking for fgrep
configure:4188: result: /usr/bin/grep -F
configure:4223: checking for ld used by aarch64-linux-gnu-gcc
configure:4290: result: /usr/bin/ld
configure:4297: checking if the linker (/usr/bin/ld) is GNU ld
configure:4312: result: yes
configure:4324: checking for BSD- or MS-compatible name lister (nm)
configure:4378: result: /usr/bin/aarch64-linux-gnu-nm -B
configure:4508: checking the name lister (/usr/bin/aarch64-linux-gnu-nm -B) interface
configure:4515: aarch64-linux-gnu-gcc -c -g -O2  conftest.c >&5
configure:4518: /usr/bin/aarch64-linux-gnu-nm -B "conftest.o"
configure:4521: output
0000000000000000 B some_variable
configure:4522: result: BSD nm
configure:4525: checking whether ln -s works
configure:4529: result: yes
configure:4537: checking the maximum length of command line arguments
configure:4668: result: 1572864
configure:4716: checking how to convert aarch64-unknown-linux-gnu file names to aarch64-unknown-linux-gnu format
configure:4756: result: func_convert_file_noop
configure:4763: checking how to convert aarch64-unknown-linux-gnu file names to toolchain format
configure:4783: result: func_convert_file_noop
configure:4790: checking for /usr/bin/ld option to reload object files
configure:4797: result: -r
configure:4831: checking for aarch64-linux-gnu-objdump
configure:4847: found /usr/bin/aarch64-linux-gnu-objdump
configure:4858: result: aarch64-linux-gnu-objdump
configure:4930: checking how to recognize dependent libraries
configure:5130: result: pass_all
configure:5175: checking for aarch64-linux-gnu-dlltool
configure:5205: result: no
configure:5215: checking for dlltool
configure:5245: result: no
configure:5275: checking how to associate runtime and link libraries
configure:5302: result: printf %s\n
configure:5319: checking for aarch64-linux-gnu-ar
configure:5335: found /usr/bin/aarch64-linux-gnu-ar
configure:5346: result: aarch64-linux-gnu-ar
configure:5427: checking for archiver @FILE support
configure:5444: aarch64-linux-gnu-gcc -c -g -O2  conftest.c >&5
configure:5444: $? = 0
configure:5447: aarch64-linux-gnu-ar cr libconftest.a @conftest.lst >&5
configure:5450: $? = 0
configure:5455: aarch64-linux-gnu-ar cr libconftest.a @conftest.lst >&5
aarch64-linux-gnu-ar: conftest.o: No such file or directory
configure:5458: $? = 1
configure:5457: result: @
configure:5475: checking for aarch64-linux-gnu-strip
configure:5502: result: aarch64-linux-gnu-strip
configure:5574: checking for aarch64-linux-gnu-ranlib
configure:5590: found /usr/bin/aarch64-linux-gnu-ranlib
configure:5601: result: aarch64-linux-gnu-ranlib
configure:5743: checking command to parse /usr/bin/aarch64-linux-gnu-nm -B output from aarch64-linux-gnu-gcc object
configure:5896: aarch64-linux-gnu-gcc -c -g -O2  conftest.c >&5
configure:5899: $? = 0
configure:5903: /usr/bin/aarch64-linux-gnu-nm -B conftest.o | sed -n -e 's/^.*[	 ]\([ABCDGIRSTW][ABCDGIRSTW]*\)[	 ][	 ]*\([_A-Za-z][_A-Za-z0-9]*\)$/\1 \2 \2/p' | sed '/ __gnu_lto/d' > conftest.nm
configure:5969: aarch64-linux-gnu-gcc -o conftest -g -O2   conftest.c conftstm.o >&5
configure:5972: $? = 0
configure:6010: result: ok
configure:6057: checking for sysroot
configure:6087: result: no
configure:6094: checking for a working dd
configure:6132: result: /usr/bin/dd
configure:6136: checking how to truncate binary pipes
configure:6151: result: /usr/bin/dd bs=4096 count=1
configure:6440: checking for aarch64-linux-gnu-mt
configure:6470: result: no
configure:6480: checking for mt
configure:6510: result: no
configure:6530: checking if : is a manifest tool
configure:6536: : '-?'
configure:6544: result: no
configure:7221: checking how to run the C preprocessor
configure:7252: aarch64-linux-gnu-gcc -E  conftest.c
configure:7252: $? = 0
configure:7266: aarch64-linux-gnu-gcc -E  conftest.c
conftest.c:11:10: fatal error: ac_nonexistent.h: No such file or directory
   11 | #include <ac_nonexistent.h>
      |          ^~~~~~~~~~~~~~~~~~
compilation terminated.
configure:7266: $? = 1
configure: failed program was:
| /* confdefs.h */
| #define PACKAGE_NAME "svox"
| #define PACKAGE_TARNAME "svox"
| #define PACKAGE_VERSION "1.0"
| #define PACKAGE_STRING "svox 1.0"
| #define PACKAGE_BUGREPORT "math.parent@gmail.com"
| #define PACKAGE_URL ""
| #define PACKAGE "svox"
| #define VERSION "1.0"
| /* end confdefs.h.  */
| #include <ac_nonexistent.h>
configure:7291: result: aarch64-linux-gnu-gcc -E
configure:7311: aarch64-linux-gnu-gcc -E  conftest.c
configure:7311: $? = 0
configure:7325: aarch64-linux-gnu-gcc -E  conftest.c
conftest.c:11:10: fatal error: ac_nonexistent.h: No such file or directory
   11 | #include <ac_nonexistent.h>
      |          ^~~~~~~~~~~~~~~~~~
compilation terminated.
configure:7325: $? = 1
configure: failed program was:
| /* confdefs.h */
| #define PACKAGE_NAME "svox"
| #define PACKAGE_TARNAME "svox"
| #define PACKAGE_VERSION "1.0"
| #define PACKAGE_STRING "svox 1.0"
| #define PACKAGE_BUGREPORT "math.parent@gmail.com"
| #define PACKAGE_URL ""
| #define PACKAGE "svox"
| #define VERSION "1.0"
| /* end confdefs.h.  */
| #include <ac_nonexistent.h>
configure:7354: checking for ANSI C header files
configure:7374: aarch64-linux-gnu-gcc -c -g -O2  conftest.c >&5
configure:7374: $? = 0
configure:7447: aarch64-linux-gnu-gcc -o conftest -g -O2   conftest.c  >&5
configure:7447: $? = 0
configure:7447: ./conftest
configure:7447: $? = 0
configure:7458: result: yes
configure:7471: checking for sys/types.h
configure:7471: aarch64-linux-gnu-gcc -c -g -O2  conftest.c >&5
configure:7471: $? = 0
configure:7471: result: yes
configure:7471: checking for sys/stat.h
configure:7471: aarch64-linux-gnu-gcc -c -g -O2  conftest.c >&5
configure:7471: $? = 0
configure:7471: result: yes
configure:7471: checking for stdlib.h
configure:7471: aarch64-linux-gnu-gcc -c -g -O2  conftest.c >&5
configure:7471: $? = 0
configure:7471: result: yes
configure:7471: checking for string.h
configure:7471: aarch64-linux-gnu-gcc -c -g -O2  conftest.c >&5
configure:7471: $? = 0
configure:7471: result: yes
configure:7471: checking for memory.h
configure:7471: aarch64-linux-gnu-gcc -c -g -O2  conftest.c >&5
configure:7471: $? = 0
configure:7471: result: yes
configure:7471: checking for strings.h
configure:7471: aarch64-linux-gnu-gcc -c -g -O2  conftest.c >&5
configure:7471: $? = 0
configure:7471: result: yes
configure:7471: checking for inttypes.h
configure:7471: aarch64-linux-gnu-gcc -c -g -O2  conftest.c >&5
configure:7471: $? = 0
configure:7471: result: yes
configure:7471: checking for stdint.h
configure:7471: aarch64-linux-gnu-gcc -c -g -O2  conftest.c >&5
configure:7471: $? = 0
configure:7471: result: yes
configure:7471: checking for unistd.h
configure:7471: aarch64-linux-gnu-gcc -c -g -O2  conftest.c >&5
configure:7471: $? = 0
configure:7471: result: yes
configure:7485: checking for dlfcn.h
configure:7485: aarch64-linux-gnu-gcc -c -g -O2  conftest.c >&5
configure:7485: $? = 0
configure:7485: result: yes
configure:7741: checking for objdir
configure:7756: result: .libs
configure:8020: checking if aarch64-linux-gnu-gcc supports -fno-rtti -fno-exceptions
configure:8038: aarch64-linux-gnu-gcc -c -g -O2  -fno-rtti -fno-exceptions conftest.c >&5
cc1: warning: command line option '-fno-rtti' is valid for C++/D/ObjC++ but not for C
configure:8042: $? = 0
configure:8055: result: no
configure:8419: checking for aarch64-linux-gnu-gcc option to produce PIC
configure:8426: result: -fPIC -DPIC
configure:8434: checking if aarch64-linux-gnu-gcc PIC flag -fPIC -DPIC works
configure:8452: aarch64-linux-gnu-gcc -c -g -O2  -fPIC -DPIC -DPIC conftest.c >&5
configure:8456: $? = 0
configure:8469: result: yes
configure:8498: checking if aarch64-linux-gnu-gcc static flag -static works
configure:8526: result: yes
configure:8541: checking if aarch64-linux-gnu-gcc supports -c -o file.o
configure:8562: aarch64-linux-gnu-gcc -c -g -O2  -o out/conftest2.o conftest.c >&5
configure:8566: $? = 0
configure:8588: result: yes
configure:8596: checking if aarch64-linux-gnu-gcc supports -c -o file.o
configure:8643: result: yes
configure:8676: checking whether the aarch64-linux-gnu-gcc linker (/usr/bin/ld) supports shared libraries
configure:9939: result: yes
configure:9976: checking whether -lc should be explicitly linked in
configure:9984: aarch64-linux-gnu-gcc -c -g -O2  conftest.c >&5
configure:9987: $? = 0
configure:10002: aarch64-linux-gnu-gcc -shared  -fPIC -DPIC conftest.o  -v -Wl,-soname -Wl,conftest -o conftest 2\>\&1 \| /usr/bin/grep  -lc  \>/dev/null 2\>\&1
configure:10005: $? = 0
configure:10019: result: no
configure:10179: checking dynamic linker characteristics
configure:10760: aarch64-linux-gnu-gcc -o conftest -g -O2   -Wl,-rpath -Wl,/foo conftest.c  >&5
configure:10760: $? = 0
configure:11009: result: GNU/Linux ld.so
configure:11131: checking how to hardcode library paths into programs
configure:11156: result: immediate
configure:11704: checking whether stripping libraries is possible
configure:11709: result: yes
configure:11744: checking if libtool supports shared libraries
configure:11746: result: yes
configure:11749: checking whether to build shared libraries
configure:11774: result: yes
configure:11777: checking whether to build static libraries
configure:11781: result: yes
configure:8735: checking that generated files are newer than configure
configure:8741: result: done
configure:8764: creating ./config.status

## ---------------------- ##
## Running config.status. ##
## ---------------------- ##

This file was extended by svox config.status 1.0, which was
generated by GNU Autoconf 2.69.  Invocation command line was

  CONFIG_FILES    = 
  CONFIG_HEADERS  = 
  CONFIG_LINKS    = 
  CONFIG_COMMANDS = 
  $ ./config.status 

on 4263ff502810

config.status:1002: creating Makefile
config.status:1174: executing depfiles commands
config.status:1251: cd .       && sed -e '/# am--include-marker/d' Makefile         | make -f - am--depfiles
make[1]: Entering directory '/ext_r/ext_edi/src/prog_ia/navius/navius/vendor/picotts/svoxpico'
make[1]: Leaving directory '/ext_r/ext_edi/src/prog_ia/navius/navius/vendor/picotts/svoxpico'
config.status:1256: $? = 0
config.status:1174: executing libtool commands

## ---------------- ##
## Cache variables. ##
## ---------------- ##

ac_cv_build=aarch64-unknown-linux-gnu
ac_cv_c_compiler_gnu=yes
ac_cv_env_CC_set=
ac_cv_env_CC_value=
ac_cv_env_CFLAGS_set=
ac_cv_env_CFLAGS_value=
ac_cv_env_CPPFLAGS_set=
ac_cv_env_CPPFLAGS_value=
ac_cv_env_CPP_set=
ac_cv_env_CPP_value=
ac_cv_env_LDFLAGS_set=
ac_cv_env_LDFLAGS_value=
ac_cv_env_LIBS_set=
ac_cv_env_LIBS_value=
ac_cv_env_LT_SYS_LIBRARY_PATH_set=
ac_cv_env_LT_SYS_LIBRARY_PATH_value=
ac_cv_env_build_alias_set=
ac_cv_env_build_alias_value=
ac_cv_env_host_alias_set=set
ac_cv_env_host_alias_value=aarch64-linux-gnu
ac_cv_env_target_alias_set=
ac_cv_env_target_alias_value=
ac_cv_header_dlfcn_h=yes
ac_cv_header_inttypes_h=yes
ac_cv_header_memory_h=yes
ac_cv_header_stdc=yes
ac_cv_header_stdint_h=yes
ac_cv_header_stdlib_h=yes
ac_cv_header_string_h=yes
ac_cv_header_strings_h=yes
ac_cv_header_sys_stat_h=yes
ac_cv_header_sys_types_h=yes
ac_cv_header_unistd_h=yes
ac_cv_host=aarch64-unknown-linux-gnu
ac_cv_objext=o
ac_cv_path_EGREP='/usr/bin/grep -E'
ac_cv_path_FGREP='/usr/bin/grep -F'
ac_cv_path_GREP=/usr/bin/grep
ac_cv_path_SED=/opt/sed/sed
ac_cv_path_install='/usr/bin/install -c'
ac_cv_path_lt_DD=/usr/bin/dd
ac_cv_path_mkdir=/usr/bin/mkdir
ac_cv_prog_AR=aarch64-linux-gnu-ar
ac_cv_prog_AWK=mawk
ac_cv_prog_CC=aarch64-linux-gnu-gcc
ac_cv_prog_CPP='aarch64-linux-gnu-gcc -E'
ac_cv_prog_OBJDUMP=aarch64-linux-gnu-objdump
ac_cv_prog_RANLIB=aarch64-linux-gnu-ranlib
ac_cv_prog_STRIP=aarch64-linux-gnu-strip
ac_cv_prog_cc_c89=
ac_cv_prog_cc_g=yes
ac_cv_prog_make_make_set=yes
am_cv_CC_dependencies_compiler_type=gcc3
am_cv_make_support_nested_variables=yes
am_cv_prog_cc_c_o=yes
lt_cv_ar_at_file=@
lt_cv_archive_cmds_need_lc=no
lt_cv_deplibs_check_method=pass_all
lt_cv_file_magic_cmd='$MAGIC_CMD'
lt_cv_file_magic_test_file=
lt_cv_ld_reload_flag=-r
lt_cv_nm_interface='BSD nm'
lt_cv_objdir=.libs
lt_cv_path_LD=/usr/bin/ld
lt_cv_path_NM='/usr/bin/aarch64-linux-gnu-nm -B'
lt_cv_path_mainfest_tool=no
lt_cv_prog_compiler_c_o=yes
lt_cv_prog_compiler_pic='-fPIC -DPIC'
lt_cv_prog_compiler_pic_works=yes
lt_cv_prog_compiler_rtti_exceptions=no
lt_cv_prog_compiler_static_works=yes
lt_cv_prog_gnu_ld=yes
lt_cv_sharedlib_from_linklib_cmd='printf %s\n'
lt_cv_shlibpath_overrides_runpath=yes
lt_cv_sys_global_symbol_pipe='sed -n -e '\''s/^.*[	 ]\([ABCDGIRSTW][ABCDGIRSTW]*\)[	 ][	 ]*\([_A-Za-z][_A-Za-z0-9]*\)$/\1 \2 \2/p'\'' | sed '\''/ __gnu_lto/d'\'''
lt_cv_sys_global_symbol_to_c_name_address='sed -n -e '\''s/^: \(.*\) .*$/  {"\1", (void *) 0},/p'\'' -e '\''s/^[ABCDGIRSTW][ABCDGIRSTW]* .* \(.*\)$/  {"\1", (void *) \&\1},/p'\'''
lt_cv_sys_global_symbol_to_c_name_address_lib_prefix='sed -n -e '\''s/^: \(.*\) .*$/  {"\1", (void *) 0},/p'\'' -e '\''s/^[ABCDGIRSTW][ABCDGIRSTW]* .* \(lib.*\)$/  {"\1", (void *) \&\1},/p'\'' -e '\''s/^[ABCDGIRSTW][ABCDGIRSTW]* .* \(.*\)$/  {"lib\1", (void *) \&\1},/p'\'''
lt_cv_sys_global_symbol_to_cdecl='sed -n -e '\''s/^T .* \(.*\)$/extern int \1();/p'\'' -e '\''s/^[ABCDGIRSTW][ABCDGIRSTW]* .* \(.*\)$/extern char \1;/p'\'''
lt_cv_sys_global_symbol_to_import=
lt_cv_sys_max_cmd_len=1572864
lt_cv_to_host_file_cmd=func_convert_file_noop
lt_cv_to_tool_file_cmd=func_convert_file_noop
lt_cv_truncate_bin='/usr/bin/dd bs=4096 count=1'

## ----------------- ##
## Output variables. ##
## ----------------- ##

ACLOCAL='${SHELL} /ext_r/ext_edi/src/prog_ia/navius/navius/vendor/picotts/svoxpico/missing aclocal-1.16'
AMDEPBACKSLASH='\'
AMDEP_FALSE='#'
AMDEP_TRUE=''
AMTAR='$${TAR-tar}'
AM_BACKSLASH='\'
AM_DEFAULT_V='$(AM_DEFAULT_VERBOSITY)'
AM_DEFAULT_VERBOSITY='1'
AM_V='$(V)'
AR='aarch64-linux-gnu-ar'
AUTOCONF='${SHELL} /ext_r/ext_edi/src/prog_ia/navius/navius/vendor/picotts/svoxpico/missing autoconf'
AUTOHEADER='${SHELL} /ext_r/ext_edi/src/prog_ia/navius/navius/vendor/picotts/svoxpico/missing autoheader'
AUTOMAKE='${SHELL} /ext_r/ext_edi/src/prog_ia/navius/navius/vendor/picotts/svoxpico/missing automake-1.16'
AWK='mawk'
CC='aarch64-linux-gnu-gcc'
CCDEPMODE='depmode=gcc3'
CFLAGS='-g -O2'
CPP='aarch64-linux-gnu-gcc -E'
CPPFLAGS=''
CYGPATH_W='echo'
DEFS='-DPACKAGE_NAME=\"svox\" -DPACKAGE_TARNAME=\"svox\" -DPACKAGE_VERSION=\"1.0\" -DPACKAGE_STRING=\"svox\ 1.0\" -DPACKAGE_BUGREPORT=\"math.parent@gmail.com\" -DPACKAGE_URL=\"\" -DPACKAGE=\"svox\" -DVERSION=\"1.0\" -DSTDC_HEADERS=1 -DHAVE_SYS_TYPES_H=1 -DHAVE_SYS_STAT_H=1 -DHAVE_STDLIB_H=1 -DHAVE_STRING_H=1 -DHAVE_MEMORY_H=1 -DHAVE_STRINGS_H=1 -DHAVE_INTTYPES_H=1 -DHAVE_STDINT_H=1 -DHAVE_UNISTD_H=1 -DHAVE_DLFCN_H=1 -DLT_OBJDIR=\".libs/\"'
DEPDIR='.deps'
DLLTOOL='false'
DSYMUTIL=''
DUMPBIN=''
ECHO_C=''
ECHO_N='-n'
ECHO_T=''
EGREP='/usr/bin/grep -E'
EXEEXT=''
FGREP='/usr/bin/grep -F'
GREP='/usr/bin/grep'
INSTALL_DATA='${INSTALL} -m 644'
INSTALL_PROGRAM='${INSTALL}'
INSTALL_SCRIPT='${INSTALL}'
INSTALL_STRIP_PROGRAM='$(install_sh) -c -s'
LD='/usr/bin/ld'
LDFLAGS=''
LIBOBJS=''
LIBS=''
LIBTOOL='$(SHELL) $(top_builddir)/libtool'
LIPO=''
LN_S='ln -s'
LTLIBOBJS=''
LT_SYS_LIBRARY_PATH=''
MAKEINFO='${SHELL} /ext_r/ext_edi/src/prog_ia/navius/navius/vendor/picotts/svoxpico/missing makeinfo'
MANIFEST_TOOL=':'
MKDIR_P='/usr/bin/mkdir -p'
NM='/usr/bin/aarch64-linux-gnu-nm -B'
NMEDIT=''
OBJDUMP='aarch64-linux-gnu-objdump'
OBJEXT='o'
OTOOL64=''
OTOOL=''
PACKAGE='svox'
PACKAGE_BUGREPORT='math.parent@gmail.com'
PACKAGE_NAME='svox'
PACKAGE_STRING='svox 1.0'
PACKAGE_TARNAME='svox'
PACKAGE_URL=''
PACKAGE_VERSION='1.0'
PATH_SEPARATOR=':'
RANLIB='aarch64-linux-gnu-ranlib'
SED='/opt/sed/sed'
SET_MAKE=''
SHELL='/bin/bash'
STRIP='aarch64-linux-gnu-strip'
VERSION='1.0'
ac_ct_AR=''
ac_ct_CC=''
ac_ct_DUMPBIN=''
am__EXEEXT_FALSE=''
am__EXEEXT_TRUE='#'
am__fastdepCC_FALSE='#'
am__fastdepCC_TRUE=''
am__include='include'
am__isrc=''
am__leading_dot='.'
am__nodep='_no'
am__quote=''
am__tar='$${TAR-tar} chof - "$$tardir"'
am__untar='$${TAR-tar} xf -'
bindir='${exec_prefix}/bin'
build='aarch64-unknown-linux-gnu'
build_alias=''
build_cpu='aarch64'
build_os='linux-gnu'
build_vendor='unknown'
datadir='${datarootdir}'
datarootdir='${prefix}/share'
docdir='${datarootdir}/doc/${PACKAGE_TARNAME}'
dvidir='${docdir}'
exec_prefix='/'
host='aarch64-unknown-linux-gnu'
host_alias='aarch64-linux-gnu'
host_cpu='aarch64'
host_os='linux-gnu'
host_vendor='unknown'
htmldir='${docdir}'
includedir='${prefix}/include'
infodir='${datarootdir}/info'
install_sh='${SHELL} /ext_r/ext_edi/src/prog_ia/navius/navius/vendor/picotts/svoxpico/install-sh'
libdir='${exec_prefix}/lib'
libexecdir='${exec_prefix}/libexec'
localedir='${datarootdir}/locale'
localstatedir='${prefix}/var'
mandir='${datarootdir}/man'
mkdir_p='$(MKDIR_P)'
oldincludedir='/usr/include'
pdfdir='${docdir}'
prefix='/'
program_transform_name='s,x,x,'
psdir='${docdir}'
runstatedir='${localstatedir}/run'
sbindir='${exec_prefix}/sbin'
sharedstatedir='${prefix}/com'
sysconfdir='${prefix}/etc'
target_alias=''

## ----------- ##
## confdefs.h. ##
## ----------- ##

/* confdefs.h */
#define PACKAGE_NAME "svox"
#define PACKAGE_TARNAME "svox"
#define PACKAGE_VERSION "1.0"
#define PACKAGE_STRING "svox 1.0"
#define PACKAGE_BUGREPORT "math.parent@gmail.com"
#define PACKAGE_URL ""
#define PACKAGE "svox"
#define VERSION "1.0"
#define STDC_HEADERS 1
#define HAVE_SYS_TYPES_H 1
#define HAVE_SYS_STAT_H 1
#define HAVE_STDLIB_H 1
#define HAVE_STRING_H 1
#define HAVE_MEMORY_H 1
#define HAVE_STRINGS_H 1
#define HAVE_INTTYPES_H 1
#define HAVE_STDINT_H 1
#define HAVE_UNISTD_H 1
#define HAVE_DLFCN_H 1
#define LT_OBJDIR ".libs/"

configure: exit 0
